HTTP Error 403: Forbiddennot well-formed (invalid token): line 32, column 30HTTP Error 403: Forbiddennot well-formed (invalid token): line 102, column 443HTTP Error 403: Forbiddennot well-formed (invalid token): line 355, column 176not well-formed (invalid token): line 563, column 16not well-formed (invalid token): line 345, column 176XML or text declaration not at start of entity: line 2303, column 14HTTP Error 403: ForbiddenHTTP Error 401: HTTP ForbiddenHTTP Error 403: Forbiddennot well-formed (invalid token): line 348, column 176not well-formed (invalid token): line 84, column 360not well-formed (invalid token): line 126, column 42XML or text declaration not at start of entity: line 2142, column 14HTTP Error 403: ForbiddenXML or text declaration not at start of entity: line 3870, column 14not well-formed (invalid token): line 427, column 44not well-formed (invalid token): line 427, column 44XML or text declaration not at start of entity: line 1801, column 14HTTP Error 403: Forbidden